../Core/Src/main.c:85:6:DisplayTime	56	static
../Core/Src/main.c:98:6:DisplayIdle	8	static
../Core/Src/main.c:106:6:DisplayUser	24	static
../Core/Src/main.c:124:6:Display2Case	24	static
../Core/Src/main.c:141:6:Display2Case2	24	static
../Core/Src/main.c:156:6:DisplayMessage	16	static
../Core/Src/main.c:165:5:CompareUID	24	static
../Core/Src/main.c:174:6:CalculateTimeDifference	64	static
../Core/Src/main.c:208:5:main	80	static
../Core/Src/main.c:306:6:SystemClock_Config	72	static
../Core/Src/main.c:349:6:Error_Handler	4	static,ignoring_inline_asm
