../Core/Src/main.c:86:6:DisplayTime	56	static
../Core/Src/main.c:99:6:DisplayIdle	8	static
../Core/Src/main.c:107:6:DisplayUser	24	static
../Core/Src/main.c:125:6:Display2Case	24	static
../Core/Src/main.c:142:6:Display2Case2	24	static
../Core/Src/main.c:157:6:DisplayMessage	16	static
../Core/Src/main.c:166:6:UpdateCSVDateTimeString	32	static
../Core/Src/main.c:178:5:CompareUID	24	static
../Core/Src/main.c:187:6:CalculateTimeDifference	64	static
../Core/Src/main.c:215:6:generateUniqueId	64	static
../Core/Src/main.c:238:5:main	144	static
../Core/Src/main.c:348:6:SystemClock_Config	72	static
../Core/Src/main.c:391:6:Error_Handler	4	static,ignoring_inline_asm
